Duplicated file found; will not be sent for synthesis: /home/y/fpga/axi-test7/axi-test7.srcs/sources_1/bd/design_1/ipshared/2702/hdl/verilog/sc_util_v1_0_4_constants.vh
Duplicated file found; will not be sent for synthesis: /home/y/fpga/axi-test7/axi-test7.srcs/sources_1/bd/design_1/ipshared/2702/hdl/verilog/sc_util_v1_0_4_constants_noc.vh
Duplicated file found; will not be sent for synthesis: /home/y/fpga/axi-test7/axi-test7.srcs/sources_1/bd/design_1/ipshared/2702/hdl/verilog/sc_util_v1_0_4_structs.svh
Duplicated file found; will not be sent for synthesis: /home/y/fpga/axi-test7/axi-test7.srcs/sources_1/bd/design_1/ipshared/2702/hdl/sc_util_v1_0_vl_rfs.sv
Duplicated file found; will not be sent for synthesis: /home/y/fpga/axi-test7/axi-test7.srcs/sources_1/bd/design_1/ipshared/2702/hdl/verilog/sc_util_v1_0_4_constants.vh
Duplicated file found; will not be sent for synthesis: /home/y/fpga/axi-test7/axi-test7.srcs/sources_1/bd/design_1/ipshared/2702/hdl/verilog/sc_util_v1_0_4_constants_noc.vh
Duplicated file found; will not be sent for synthesis: /home/y/fpga/axi-test7/axi-test7.srcs/sources_1/bd/design_1/ipshared/2702/hdl/verilog/sc_util_v1_0_4_structs.svh
Duplicated file found; will not be sent for synthesis: /home/y/fpga/axi-test7/axi-test7.srcs/sources_1/bd/design_1/ipshared/2702/hdl/sc_util_v1_0_vl_rfs.sv
Duplicated file found; will not be sent for synthesis: /home/y/fpga/axi-test7/axi-test7.srcs/sources_1/bd/design_1/ipshared/2702/hdl/verilog/sc_util_v1_0_4_constants.vh
Duplicated file found; will not be sent for synthesis: /home/y/fpga/axi-test7/axi-test7.srcs/sources_1/bd/design_1/ipshared/2702/hdl/verilog/sc_util_v1_0_4_constants_noc.vh
Duplicated file found; will not be sent for synthesis: /home/y/fpga/axi-test7/axi-test7.srcs/sources_1/bd/design_1/ipshared/2702/hdl/verilog/sc_util_v1_0_4_structs.svh
Duplicated file found; will not be sent for synthesis: /home/y/fpga/axi-test7/axi-test7.srcs/sources_1/bd/design_1/ipshared/2702/hdl/sc_util_v1_0_vl_rfs.sv
Duplicated file found; will not be sent for synthesis: /home/y/fpga/axi-test7/axi-test7.srcs/sources_1/bd/design_1/ipshared/2702/hdl/verilog/sc_util_v1_0_4_constants.vh
Duplicated file found; will not be sent for synthesis: /home/y/fpga/axi-test7/axi-test7.srcs/sources_1/bd/design_1/ipshared/2702/hdl/verilog/sc_util_v1_0_4_constants_noc.vh
Duplicated file found; will not be sent for synthesis: /home/y/fpga/axi-test7/axi-test7.srcs/sources_1/bd/design_1/ipshared/2702/hdl/verilog/sc_util_v1_0_4_structs.svh
Duplicated file found; will not be sent for synthesis: /home/y/fpga/axi-test7/axi-test7.srcs/sources_1/bd/design_1/ipshared/2702/hdl/sc_util_v1_0_vl_rfs.sv
Duplicated file found; will not be sent for synthesis: /home/y/fpga/axi-test7/axi-test7.srcs/sources_1/bd/design_1/ipshared/2702/hdl/verilog/sc_util_v1_0_4_constants.vh
Duplicated file found; will not be sent for synthesis: /home/y/fpga/axi-test7/axi-test7.srcs/sources_1/bd/design_1/ipshared/2702/hdl/verilog/sc_util_v1_0_4_constants_noc.vh
Duplicated file found; will not be sent for synthesis: /home/y/fpga/axi-test7/axi-test7.srcs/sources_1/bd/design_1/ipshared/2702/hdl/verilog/sc_util_v1_0_4_structs.svh
Duplicated file found; will not be sent for synthesis: /home/y/fpga/axi-test7/axi-test7.srcs/sources_1/bd/design_1/ipshared/2702/hdl/sc_util_v1_0_vl_rfs.sv
Duplicated file found; will not be sent for synthesis: /home/y/fpga/axi-test7/axi-test7.srcs/sources_1/bd/design_1/ipshared/4676/hdl/verilog/sc_node_v1_0_11_t_reqsend.svh
Duplicated file found; will not be sent for synthesis: /home/y/fpga/axi-test7/axi-test7.srcs/sources_1/bd/design_1/ipshared/4676/hdl/sc_node_v1_0_vl_rfs.sv
Duplicated file found; will not be sent for synthesis: /home/y/fpga/axi-test7/axi-test7.srcs/sources_1/bd/design_1/ipshared/2702/hdl/verilog/sc_util_v1_0_4_constants.vh
Duplicated file found; will not be sent for synthesis: /home/y/fpga/axi-test7/axi-test7.srcs/sources_1/bd/design_1/ipshared/2702/hdl/verilog/sc_util_v1_0_4_constants_noc.vh
Duplicated file found; will not be sent for synthesis: /home/y/fpga/axi-test7/axi-test7.srcs/sources_1/bd/design_1/ipshared/2702/hdl/verilog/sc_util_v1_0_4_structs.svh
Duplicated file found; will not be sent for synthesis: /home/y/fpga/axi-test7/axi-test7.srcs/sources_1/bd/design_1/ipshared/2702/hdl/sc_util_v1_0_vl_rfs.sv
Duplicated file found; will not be sent for synthesis: /home/y/fpga/axi-test7/axi-test7.srcs/sources_1/bd/design_1/ipshared/4676/hdl/verilog/sc_node_v1_0_11_t_reqsend.svh
Duplicated file found; will not be sent for synthesis: /home/y/fpga/axi-test7/axi-test7.srcs/sources_1/bd/design_1/ipshared/4676/hdl/sc_node_v1_0_vl_rfs.sv
Duplicated file found; will not be sent for synthesis: /home/y/fpga/axi-test7/axi-test7.srcs/sources_1/bd/design_1/ipshared/2702/hdl/verilog/sc_util_v1_0_4_constants.vh
Duplicated file found; will not be sent for synthesis: /home/y/fpga/axi-test7/axi-test7.srcs/sources_1/bd/design_1/ipshared/2702/hdl/verilog/sc_util_v1_0_4_constants_noc.vh
Duplicated file found; will not be sent for synthesis: /home/y/fpga/axi-test7/axi-test7.srcs/sources_1/bd/design_1/ipshared/2702/hdl/verilog/sc_util_v1_0_4_structs.svh
Duplicated file found; will not be sent for synthesis: /home/y/fpga/axi-test7/axi-test7.srcs/sources_1/bd/design_1/ipshared/2702/hdl/sc_util_v1_0_vl_rfs.sv
Duplicated file found; will not be sent for synthesis: /home/y/fpga/axi-test7/axi-test7.srcs/sources_1/bd/design_1/ipshared/4676/hdl/verilog/sc_node_v1_0_11_t_reqsend.svh
Duplicated file found; will not be sent for synthesis: /home/y/fpga/axi-test7/axi-test7.srcs/sources_1/bd/design_1/ipshared/4676/hdl/sc_node_v1_0_vl_rfs.sv
Duplicated file found; will not be sent for synthesis: /home/y/fpga/axi-test7/axi-test7.srcs/sources_1/bd/design_1/ipshared/2702/hdl/verilog/sc_util_v1_0_4_constants.vh
Duplicated file found; will not be sent for synthesis: /home/y/fpga/axi-test7/axi-test7.srcs/sources_1/bd/design_1/ipshared/2702/hdl/verilog/sc_util_v1_0_4_constants_noc.vh
Duplicated file found; will not be sent for synthesis: /home/y/fpga/axi-test7/axi-test7.srcs/sources_1/bd/design_1/ipshared/2702/hdl/verilog/sc_util_v1_0_4_structs.svh
Duplicated file found; will not be sent for synthesis: /home/y/fpga/axi-test7/axi-test7.srcs/sources_1/bd/design_1/ipshared/2702/hdl/sc_util_v1_0_vl_rfs.sv
Duplicated file found; will not be sent for synthesis: /home/y/fpga/axi-test7/axi-test7.srcs/sources_1/bd/design_1/ipshared/4676/hdl/verilog/sc_node_v1_0_11_t_reqsend.svh
Duplicated file found; will not be sent for synthesis: /home/y/fpga/axi-test7/axi-test7.srcs/sources_1/bd/design_1/ipshared/4676/hdl/sc_node_v1_0_vl_rfs.sv
Duplicated file found; will not be sent for synthesis: /home/y/fpga/axi-test7/axi-test7.srcs/sources_1/bd/design_1/ipshared/2702/hdl/verilog/sc_util_v1_0_4_constants.vh
Duplicated file found; will not be sent for synthesis: /home/y/fpga/axi-test7/axi-test7.srcs/sources_1/bd/design_1/ipshared/2702/hdl/verilog/sc_util_v1_0_4_constants_noc.vh
Duplicated file found; will not be sent for synthesis: /home/y/fpga/axi-test7/axi-test7.srcs/sources_1/bd/design_1/ipshared/2702/hdl/verilog/sc_util_v1_0_4_structs.svh
Duplicated file found; will not be sent for synthesis: /home/y/fpga/axi-test7/axi-test7.srcs/sources_1/bd/design_1/ipshared/2702/hdl/sc_util_v1_0_vl_rfs.sv
Duplicated file found; will not be sent for synthesis: /home/y/fpga/axi-test7/axi-test7.srcs/sources_1/bd/design_1/ipshared/2702/hdl/verilog/sc_util_v1_0_4_constants.vh
Duplicated file found; will not be sent for synthesis: /home/y/fpga/axi-test7/axi-test7.srcs/sources_1/bd/design_1/ipshared/2702/hdl/verilog/sc_util_v1_0_4_constants_noc.vh
Duplicated file found; will not be sent for synthesis: /home/y/fpga/axi-test7/axi-test7.srcs/sources_1/bd/design_1/ipshared/2702/hdl/verilog/sc_util_v1_0_4_structs.svh
Duplicated file found; will not be sent for synthesis: /home/y/fpga/axi-test7/axi-test7.srcs/sources_1/bd/design_1/ipshared/2702/hdl/sc_util_v1_0_vl_rfs.sv
CRC performance measure: elapsed=00:00:00.01s;;memory_peak=3094.027MB;;memory_gain=0.000MB
